// Jest Snapshot v1, https://goo.gl/fbAQLP

exports[`Login Component Test should render correctly 1`] = `ShallowWrapper {}`;
